// Jest Snapshot v1, https://goo.gl/fbAQLP

exports[`MainHeader renders correctly renders correctly 1`] = `
<div
  className="MainHeader"
>
  <p
    className="test"
  >
    MainHeader loaded!
  </p>
</div>
`;
